Archive member included to satisfy reference by file (symbol)

c:/ac6/systemworkbench/plugins/fr.ac6.mcu.externaltools.arm-none.win32_1.15.0.201708311556/tools/compiler/bin/../lib/gcc/arm-none-eabi/6.3.1/../../../../arm-none-eabi/lib/thumb/v7-m\libc_nano.a(lib_a-exit.o)
                              c:/ac6/systemworkbench/plugins/fr.ac6.mcu.externaltools.arm-none.win32_1.15.0.201708311556/tools/compiler/bin/../lib/gcc/arm-none-eabi/6.3.1/../../../../arm-none-eabi/lib/thumb/v7-m/crt0.o (exit)
c:/ac6/systemworkbench/plugins/fr.ac6.mcu.externaltools.arm-none.win32_1.15.0.201708311556/tools/compiler/bin/../lib/gcc/arm-none-eabi/6.3.1/../../../../arm-none-eabi/lib/thumb/v7-m\libc_nano.a(lib_a-impure.o)
                              c:/ac6/systemworkbench/plugins/fr.ac6.mcu.externaltools.arm-none.win32_1.15.0.201708311556/tools/compiler/bin/../lib/gcc/arm-none-eabi/6.3.1/../../../../arm-none-eabi/lib/thumb/v7-m\libc_nano.a(lib_a-exit.o) (_global_impure_ptr)
c:/ac6/systemworkbench/plugins/fr.ac6.mcu.externaltools.arm-none.win32_1.15.0.201708311556/tools/compiler/bin/../lib/gcc/arm-none-eabi/6.3.1/../../../../arm-none-eabi/lib/thumb/v7-m\libc_nano.a(lib_a-init.o)
                              c:/ac6/systemworkbench/plugins/fr.ac6.mcu.externaltools.arm-none.win32_1.15.0.201708311556/tools/compiler/bin/../lib/gcc/arm-none-eabi/6.3.1/../../../../arm-none-eabi/lib/thumb/v7-m/crt0.o (__libc_init_array)
c:/ac6/systemworkbench/plugins/fr.ac6.mcu.externaltools.arm-none.win32_1.15.0.201708311556/tools/compiler/bin/../lib/gcc/arm-none-eabi/6.3.1/../../../../arm-none-eabi/lib/thumb/v7-m\libc_nano.a(lib_a-memset.o)
                              c:/ac6/systemworkbench/plugins/fr.ac6.mcu.externaltools.arm-none.win32_1.15.0.201708311556/tools/compiler/bin/../lib/gcc/arm-none-eabi/6.3.1/../../../../arm-none-eabi/lib/thumb/v7-m/crt0.o (memset)
c:/ac6/systemworkbench/plugins/fr.ac6.mcu.externaltools.arm-none.win32_1.15.0.201708311556/tools/compiler/bin/../lib/gcc/arm-none-eabi/6.3.1/../../../../arm-none-eabi/lib/thumb/v7-m\libnosys.a(_exit.o)
                              c:/ac6/systemworkbench/plugins/fr.ac6.mcu.externaltools.arm-none.win32_1.15.0.201708311556/tools/compiler/bin/../lib/gcc/arm-none-eabi/6.3.1/../../../../arm-none-eabi/lib/thumb/v7-m\libc_nano.a(lib_a-exit.o) (_exit)

Allocating common symbols
Common symbol       size              file

hUsbDeviceFS        0x224             Src/usb_device.o
position            0x4               Src/main.o
uwTick              0x4               Drivers/STM32F1xx_HAL_Driver/Src/stm32f1xx_hal.o
pFlash              0x20              Drivers/STM32F1xx_HAL_Driver/Src/stm32f1xx_hal_flash.o
UserRxBufferFS      0x3e8             Src/usbd_cdc_if.o
UserTxBufferFS      0x3e8             Src/usbd_cdc_if.o
buffer              0x4               Src/main.o
hpcd_USB_FS         0x460             Src/usbd_conf.o
USBD_StrDesc        0x200             Src/usbd_desc.o
saved               0xa               Src/usbd_cdc_if.o

Discarded input sections

 .text          0x00000000        0x0 c:/ac6/systemworkbench/plugins/fr.ac6.mcu.externaltools.arm-none.win32_1.15.0.201708311556/tools/compiler/bin/../lib/gcc/arm-none-eabi/6.3.1/thumb/v7-m/crti.o
 .data          0x00000000        0x0 c:/ac6/systemworkbench/plugins/fr.ac6.mcu.externaltools.arm-none.win32_1.15.0.201708311556/tools/compiler/bin/../lib/gcc/arm-none-eabi/6.3.1/thumb/v7-m/crti.o
 .bss           0x00000000        0x0 c:/ac6/systemworkbench/plugins/fr.ac6.mcu.externaltools.arm-none.win32_1.15.0.201708311556/tools/compiler/bin/../lib/gcc/arm-none-eabi/6.3.1/thumb/v7-m/crti.o
 .data          0x00000000        0x4 c:/ac6/systemworkbench/plugins/fr.ac6.mcu.externaltools.arm-none.win32_1.15.0.201708311556/tools/compiler/bin/../lib/gcc/arm-none-eabi/6.3.1/thumb/v7-m/crtbegin.o
 .text          0x00000000       0x74 c:/ac6/systemworkbench/plugins/fr.ac6.mcu.externaltools.arm-none.win32_1.15.0.201708311556/tools/compiler/bin/../lib/gcc/arm-none-eabi/6.3.1/../../../../arm-none-eabi/lib/thumb/v7-m/crt0.o
 .data          0x00000000        0x0 c:/ac6/systemworkbench/plugins/fr.ac6.mcu.externaltools.arm-none.win32_1.15.0.201708311556/tools/compiler/bin/../lib/gcc/arm-none-eabi/6.3.1/../../../../arm-none-eabi/lib/thumb/v7-m/crt0.o
 .bss           0x00000000        0x0 c:/ac6/systemworkbench/plugins/fr.ac6.mcu.externaltools.arm-none.win32_1.15.0.201708311556/tools/compiler/bin/../lib/gcc/arm-none-eabi/6.3.1/../../../../arm-none-eabi/lib/thumb/v7-m/crt0.o
 .ARM.extab     0x00000000        0x0 c:/ac6/systemworkbench/plugins/fr.ac6.mcu.externaltools.arm-none.win32_1.15.0.201708311556/tools/compiler/bin/../lib/gcc/arm-none-eabi/6.3.1/../../../../arm-none-eabi/lib/thumb/v7-m/crt0.o
 .ARM.exidx     0x00000000        0x8 c:/ac6/systemworkbench/plugins/fr.ac6.mcu.externaltools.arm-none.win32_1.15.0.201708311556/tools/compiler/bin/../lib/gcc/arm-none-eabi/6.3.1/../../../../arm-none-eabi/lib/thumb/v7-m/crt0.o
 .ARM.attributes
[...]
Memory Configuration

Name             Origin             Length             Attributes
RAM              0x20000000         0x00005000         xrw
FLASH            0x08000000         0x00010000         xr
*default*        0x00000000         0xffffffff

Linker script and memory map

LOAD c:/ac6/systemworkbench/plugins/fr.ac6.mcu.externaltools.arm-none.win32_1.15.0.201708311556/tools/compiler/bin/../lib/gcc/arm-none-eabi/6.3.1/thumb/v7-m/crti.o
LOAD c:/ac6/systemworkbench/plugins/fr.ac6.mcu.externaltools.arm-none.win32_1.15.0.201708311556/tools/compiler/bin/../lib/gcc/arm-none-eabi/6.3.1/thumb/v7-m/crtbegin.o
LOAD c:/ac6/systemworkbench/plugins/fr.ac6.mcu.externaltools.arm-none.win32_1.15.0.201708311556/tools/compiler/bin/../lib/gcc/arm-none-eabi/6.3.1/../../../../arm-none-eabi/lib/thumb/v7-m/crt0.o
LOAD Drivers/STM32F1xx_HAL_Driver/Src/stm32f1xx_hal.o
LOAD Drivers/STM32F1xx_HAL_Driver/Src/stm32f1xx_hal_cortex.o
LOAD Drivers/STM32F1xx_HAL_Driver/Src/stm32f1xx_hal_dma.o
LOAD Drivers/STM32F1xx_HAL_Driver/Src/stm32f1xx_hal_flash.o
LOAD Drivers/STM32F1xx_HAL_Driver/Src/stm32f1xx_hal_flash_ex.o
LOAD Drivers/STM32F1xx_HAL_Driver/Src/stm32f1xx_hal_gpio.o
LOAD Drivers/STM32F1xx_HAL_Driver/Src/stm32f1xx_hal_gpio_ex.o
LOAD Drivers/STM32F1xx_HAL_Driver/Src/stm32f1xx_hal_pcd.o
LOAD Drivers/STM32F1xx_HAL_Driver/Src/stm32f1xx_hal_pcd_ex.o
LOAD Drivers/STM32F1xx_HAL_Driver/Src/stm32f1xx_hal_pwr.o
LOAD Drivers/STM32F1xx_HAL_Driver/Src/stm32f1xx_hal_rcc.o
LOAD Drivers/STM32F1xx_HAL_Driver/Src/stm32f1xx_hal_rcc_ex.o
LOAD Drivers/STM32F1xx_HAL_Driver/Src/stm32f1xx_hal_tim.o
LOAD Drivers/STM32F1xx_HAL_Driver/Src/stm32f1xx_hal_tim_ex.o
LOAD Drivers/STM32F1xx_HAL_Driver/Src/stm32f1xx_ll_usb.o
LOAD Middlewares/ST/STM32_USB_Device_Library/Class/CDC/Src/usbd_cdc.o
LOAD Middlewares/ST/STM32_USB_Device_Library/Core/Src/usbd_core.o
LOAD Middlewares/ST/STM32_USB_Device_Library/Core/Src/usbd_ctlreq.o
LOAD Middlewares/ST/STM32_USB_Device_Library/Core/Src/usbd_ioreq.o
LOAD Src/main.o
LOAD Src/stm32f1xx_hal_msp.o
LOAD Src/stm32f1xx_it.o
LOAD Src/system_stm32f1xx.o
LOAD Src/usb_device.o
LOAD Src/usbd_cdc_if.o
LOAD Src/usbd_conf.o
LOAD Src/usbd_desc.o
LOAD startup/startup_stm32f103xb.o
LOAD c:/ac6/systemworkbench/plugins/fr.ac6.mcu.externaltools.arm-none.win32_1.15.0.201708311556/tools/compiler/bin/../lib/gcc/arm-none-eabi/6.3.1/../../../../arm-none-eabi/lib/thumb/v7-m\libm.a
START GROUP
LOAD c:/ac6/systemworkbench/plugins/fr.ac6.mcu.externaltools.arm-none.win32_1.15.0.201708311556/tools/compiler/bin/../lib/gcc/arm-none-eabi/6.3.1/thumb/v7-m\libgcc.a
LOAD c:/ac6/systemworkbench/plugins/fr.ac6.mcu.externaltools.arm-none.win32_1.15.0.201708311556/tools/compiler/bin/../lib/gcc/arm-none-eabi/6.3.1/../../../../arm-none-eabi/lib/thumb/v7-m\libc_nano.a
END GROUP
START GROUP
LOAD c:/ac6/systemworkbench/plugins/fr.ac6.mcu.externaltools.arm-none.win32_1.15.0.201708311556/tools/compiler/bin/../lib/gcc/arm-none-eabi/6.3.1/thumb/v7-m\libgcc.a
LOAD c:/ac6/systemworkbench/plugins/fr.ac6.mcu.externaltools.arm-none.win32_1.15.0.201708311556/tools/compiler/bin/../lib/gcc/arm-none-eabi/6.3.1/../../../../arm-none-eabi/lib/thumb/v7-m\libc_nano.a
LOAD c:/ac6/systemworkbench/plugins/fr.ac6.mcu.externaltools.arm-none.win32_1.15.0.201708311556/tools/compiler/bin/../lib/gcc/arm-none-eabi/6.3.1/../../../../arm-none-eabi/lib/thumb/v7-m\libnosys.a
END GROUP
START GROUP
LOAD c:/ac6/systemworkbench/plugins/fr.ac6.mcu.externaltools.arm-none.win32_1.15.0.201708311556/tools/compiler/bin/../lib/gcc/arm-none-eabi/6.3.1/thumb/v7-m\libgcc.a
LOAD c:/ac6/systemworkbench/plugins/fr.ac6.mcu.externaltools.arm-none.win32_1.15.0.201708311556/tools/compiler/bin/../lib/gcc/arm-none-eabi/6.3.1/../../../../arm-none-eabi/lib/thumb/v7-m\libc_nano.a
LOAD c:/ac6/systemworkbench/plugins/fr.ac6.mcu.externaltools.arm-none.win32_1.15.0.201708311556/tools/compiler/bin/../lib/gcc/arm-none-eabi/6.3.1/../../../../arm-none-eabi/lib/thumb/v7-m\libnosys.a
END GROUP
LOAD c:/ac6/systemworkbench/plugins/fr.ac6.mcu.externaltools.arm-none.win32_1.15.0.201708311556/tools/compiler/bin/../lib/gcc/arm-none-eabi/6.3.1/thumb/v7-m/crtend.o
LOAD c:/ac6/systemworkbench/plugins/fr.ac6.mcu.externaltools.arm-none.win32_1.15.0.201708311556/tools/compiler/bin/../lib/gcc/arm-none-eabi/6.3.1/thumb/v7-m/crtn.o
                0x20005000                _estack = 0x20005000
                0x00000200                _Min_Heap_Size = 0x200
                0x00000400                _Min_Stack_Size = 0x400

.isr_vector     0x08000000      0x10c
                0x08000000                . = ALIGN (0x4)
 *(.isr_vector)
 .isr_vector    0x08000000      0x10c startup/startup_stm32f103xb.o
                0x08000000                g_pfnVectors
                0x0800010c                . = ALIGN (0x4)

.text           0x0800010c     0x2ce4
                0x0800010c                . = ALIGN (0x4)
 *(.text)
 .text          0x0800010c       0x6c c:/ac6/systemworkbench/plugins/fr.ac6.mcu.externaltools.arm-none.win32_1.15.0.201708311556/tools/compiler/bin/../lib/gcc/arm-none-eabi/6.3.1/thumb/v7-m/crtbegin.o
 *(.text*)
 .text.HAL_InitTick
                0x08000178       0x48 Drivers/STM32F1xx_HAL_Driver/Src/stm32f1xx_hal.o
                0x08000178                HAL_InitTick
 .text.HAL_Init
                0x080001c0       0x24 Drivers/STM32F1xx_HAL_Driver/Src/stm32f1xx_hal.o
                0x080001c0                HAL_Init
 .text.HAL_IncTick
                0x080001e4       0x18 Drivers/STM32F1xx_HAL_Driver/Src/stm32f1xx_hal.o
                0x080001e4                HAL_IncTick
 .text.HAL_GetTick
                0x080001fc        0xc Drivers/STM32F1xx_HAL_Driver/Src/stm32f1xx_hal.o
                0x080001fc                HAL_GetTick
 .text.HAL_NVIC_SetPriorityGrouping
                0x08000208       0x24 Drivers/STM32F1xx_HAL_Driver/Src/stm32f1xx_hal_cortex.o
                0x08000208                HAL_NVIC_SetPriorityGrouping
 .text.HAL_NVIC_SetPriority
                0x0800022c       0x64 Drivers/STM32F1xx_HAL_Driver/Src/stm32f1xx_hal_cortex.o
                0x0800022c                HAL_NVIC_SetPriority
 .text.HAL_NVIC_EnableIRQ
                0x08000290       0x18 Drivers/STM32F1xx_HAL_Driver/Src/stm32f1xx_hal_cortex.o
                0x08000290                HAL_NVIC_EnableIRQ
 .text.HAL_SYSTICK_Config
                0x080002a8       0x2c Drivers/STM32F1xx_HAL_Driver/Src/stm32f1xx_hal_cortex.o
                0x080002a8                HAL_SYSTICK_Config
 .text.HAL_SYSTICK_CLKSourceConfig
                0x080002d4       0x20 Drivers/STM32F1xx_HAL_Driver/Src/stm32f1xx_hal_cortex.o
                0x080002d4                HAL_SYSTICK_CLKSourceConfig
 .text.HAL_SYSTICK_Callback
                0x080002f4        0x2 Drivers/STM32F1xx_HAL_Driver/Src/stm32f1xx_hal_cortex.o
                0x080002f4                HAL_SYSTICK_Callback
 .text.HAL_SYSTICK_IRQHandler
                0x080002f6        0x8 Drivers/STM32F1xx_HAL_Driver/Src/stm32f1xx_hal_cortex.o
                0x080002f6                HAL_SYSTICK_IRQHandler
 .text.HAL_PCD_Init
                0x080002fe       0xd6 Drivers/STM32F1xx_HAL_Driver/Src/stm32f1xx_hal_pcd.o
                0x080002fe                HAL_PCD_Init
 .text.HAL_PCD_Start
                0x080003d4       0x2e Drivers/STM32F1xx_HAL_Driver/Src/stm32f1xx_hal_pcd.o
                0x080003d4                HAL_PCD_Start
 .text.HAL_PCD_SetAddress
                0x08000402       0x28 Drivers/STM32F1xx_HAL_Driver/Src/stm32f1xx_hal_pcd.o
                0x08000402                HAL_PCD_SetAddress
 .text.HAL_PCD_EP_Open
                0x0800042a       0x52 Drivers/STM32F1xx_HAL_Driver/Src/stm32f1xx_hal_pcd.o
                0x0800042a                HAL_PCD_EP_Open
 .text.HAL_PCD_EP_Close
                0x0800047c       0x4e Drivers/STM32F1xx_HAL_Driver/Src/stm32f1xx_hal_pcd.o
                0x0800047c                HAL_PCD_EP_Close
 .text.HAL_PCD_EP_Receive
                0x080004ca       0x3e Drivers/STM32F1xx_HAL_Driver/Src/stm32f1xx_hal_pcd.o
                0x080004ca                HAL_PCD_EP_Receive
 .text.HAL_PCD_EP_GetRxCount
                0x08000508        0xe Drivers/STM32F1xx_HAL_Driver/Src/stm32f1xx_hal_pcd.o
                0x08000508                HAL_PCD_EP_GetRxCount
 .text.HAL_PCD_EP_Transmit
                0x08000516       0x3c Drivers/STM32F1xx_HAL_Driver/Src/stm32f1xx_hal_pcd.o
                0x08000516                HAL_PCD_EP_Transmit
 .text.PCD_EP_ISR_Handler
                0x08000552      0x46e Drivers/STM32F1xx_HAL_Driver/Src/stm32f1xx_hal_pcd.o
 .text.HAL_PCD_IRQHandler
                0x080009c0      0x164 Drivers/STM32F1xx_HAL_Driver/Src/stm32f1xx_hal_pcd.o
                0x080009c0                HAL_PCD_IRQHandler
 .text.HAL_PCD_EP_SetStall
                0x08000b24       0x5c Drivers/STM32F1xx_HAL_Driver/Src/stm32f1xx_hal_pcd.o
                0x08000b24                HAL_PCD_EP_SetStall
 .text.HAL_PCD_EP_ClrStall
                0x08000b80       0x4e Drivers/STM32F1xx_HAL_Driver/Src/stm32f1xx_hal_pcd.o
                0x08000b80                HAL_PCD_EP_ClrStall
 .text.HAL_PCDEx_PMAConfig
                0x08000bce       0x30 Drivers/STM32F1xx_HAL_Driver/Src/stm32f1xx_hal_pcd_ex.o
                0x08000bce                HAL_PCDEx_PMAConfig
 *fill*         0x08000bfe        0x2 
 .text.RCC_Delay
                0x08000c00       0x2c Drivers/STM32F1xx_HAL_Driver/Src/stm32f1xx_hal_rcc.o
 .text.HAL_RCC_OscConfig
                0x08000c2c      0x3e0 Drivers/STM32F1xx_HAL_Driver/Src/stm32f1xx_hal_rcc.o
                0x08000c2c                HAL_RCC_OscConfig
 .text.HAL_RCC_GetSysClockFreq
                0x0800100c       0x6c Drivers/STM32F1xx_HAL_Driver/Src/stm32f1xx_hal_rcc.o
                0x0800100c                HAL_RCC_GetSysClockFreq
 .text.HAL_RCC_ClockConfig
                0x08001078      0x178 Drivers/STM32F1xx_HAL_Driver/Src/stm32f1xx_hal_rcc.o
                0x08001078                HAL_RCC_ClockConfig
 .text.HAL_RCC_GetHCLKFreq
                0x080011f0        0xc Drivers/STM32F1xx_HAL_Driver/Src/stm32f1xx_hal_rcc.o
                0x080011f0                HAL_RCC_GetHCLKFreq
 .text.HAL_RCCEx_PeriphCLKConfig
                0x080011fc      0x114 Drivers/STM32F1xx_HAL_Driver/Src/stm32f1xx_hal_rcc_ex.o
                0x080011fc                HAL_RCCEx_PeriphCLKConfig
 .text.USB_CoreInit
                0x08001310        0xe Drivers/STM32F1xx_HAL_Driver/Src/stm32f1xx_ll_usb.o
                0x08001310                USB_CoreInit
 .text.USB_EnableGlobalInt
                0x0800131e       0x12 Drivers/STM32F1xx_HAL_Driver/Src/stm32f1xx_ll_usb.o
                0x0800131e                USB_EnableGlobalInt
 .text.USB_DisableGlobalInt
                0x08001330       0x14 Drivers/STM32F1xx_HAL_Driver/Src/stm32f1xx_ll_usb.o
                0x08001330                USB_DisableGlobalInt
 .text.USB_SetCurrentMode
                0x08001344        0x4 Drivers/STM32F1xx_HAL_Driver/Src/stm32f1xx_ll_usb.o
                0x08001344                USB_SetCurrentMode
 .text.USB_DevInit
                0x08001348       0x2c Drivers/STM32F1xx_HAL_Driver/Src/stm32f1xx_ll_usb.o
                0x08001348                USB_DevInit
 .text.USB_ActivateEndpoint
                0x08001374      0x332 Drivers/STM32F1xx_HAL_Driver/Src/stm32f1xx_ll_usb.o
                0x08001374                USB_ActivateEndpoint
 .text.USB_DeactivateEndpoint
                0x080016a6      0x1c4 Drivers/STM32F1xx_HAL_Driver/Src/stm32f1xx_ll_usb.o
                0x080016a6                USB_DeactivateEndpoint
 .text.USB_EPSetStall
                0x0800186a       0x6e Drivers/STM32F1xx_HAL_Driver/Src/stm32f1xx_ll_usb.o
                0x0800186a                USB_EPSetStall
 .text.USB_EPClearStall
                0x080018d8       0x92 Drivers/STM32F1xx_HAL_Driver/Src/stm32f1xx_ll_usb.o
                0x080018d8                USB_EPClearStall
 .text.USB_SetDevAddress
                0x0800196a        0xc Drivers/STM32F1xx_HAL_Driver/Src/stm32f1xx_ll_usb.o
                0x0800196a                USB_SetDevAddress
 .text.USB_DevConnect
                0x08001976        0x4 Drivers/STM32F1xx_HAL_Driver/Src/stm32f1xx_ll_usb.o
                0x08001976                USB_DevConnect
 .text.USB_DevDisconnect
                0x0800197a        0x4 Drivers/STM32F1xx_HAL_Driver/Src/stm32f1xx_ll_usb.o
                0x0800197a                USB_DevDisconnect
 .text.USB_ReadInterrupts
                0x0800197e        0x8 Drivers/STM32F1xx_HAL_Driver/Src/stm32f1xx_ll_usb.o
                0x0800197e                USB_ReadInterrupts
 .text.USB_EP0_OutStart
                0x08001986        0x4 Drivers/STM32F1xx_HAL_Driver/Src/stm32f1xx_ll_usb.o
                0x08001986                USB_EP0_OutStart
 .text.USB_WritePMA
                0x0800198a       0x2a Drivers/STM32F1xx_HAL_Driver/Src/stm32f1xx_ll_usb.o
                0x0800198a                USB_WritePMA
 .text.USB_EPStartXfer
                0x080019b4      0x2cc Drivers/STM32F1xx_HAL_Driver/Src/stm32f1xx_ll_usb.o
                0x080019b4                USB_EPStartXfer
 .text.USB_ReadPMA
                0x08001c80       0x1e Drivers/STM32F1xx_HAL_Driver/Src/stm32f1xx_ll_usb.o
                0x08001c80                USB_ReadPMA
 .text.USBD_CDC_DataIn
                0x08001c9e       0x12 Middlewares/ST/STM32_USB_Device_Library/Class/CDC/Src/usbd_cdc.o
 .text.USBD_CDC_EP0_RxReady
                0x08001cb0       0x28 Middlewares/ST/STM32_USB_Device_Library/Class/CDC/Src/usbd_cdc.o
 .text.USBD_CDC_GetFSCfgDesc
                0x08001cd8        0xc Middlewares/ST/STM32_USB_Device_Library/Class/CDC/Src/usbd_cdc.o
 .text.USBD_CDC_GetHSCfgDesc
                0x08001ce4        0xc Middlewares/ST/STM32_USB_Device_Library/Class/CDC/Src/usbd_cdc.o
 .text.USBD_CDC_GetOtherSpeedCfgDesc
                0x08001cf0        0xc Middlewares/ST/STM32_USB_Device_Library/Class/CDC/Src/usbd_cdc.o
 .text.USBD_CDC_GetDeviceQualifierDescriptor
                0x08001cfc        0xc Middlewares/ST/STM32_USB_Device_Library/Class/CDC/Src/usbd_cdc.o
                0x08001cfc                USBD_CDC_GetDeviceQualifierDescriptor
 .text.USBD_CDC_DataOut
                0x08001d08       0x2e Middlewares/ST/STM32_USB_Device_Library/Class/CDC/Src/usbd_cdc.o
 *fill*         0x08001d36        0x2 
 .text.USBD_CDC_Setup
                0x08001d38       0x74 Middlewares/ST/STM32_USB_Device_Library/Class/CDC/Src/usbd_cdc.o
 .text.USBD_CDC_DeInit
                0x08001dac       0x3a Middlewares/ST/STM32_USB_Device_Library/Class/CDC/Src/usbd_cdc.o
 .text.USBD_CDC_Init
                0x08001de6       0x96 Middlewares/ST/STM32_USB_Device_Library/Class/CDC/Src/usbd_cdc.o
 .text.USBD_CDC_RegisterInterface
                0x08001e7c        0xe Middlewares/ST/STM32_USB_Device_Library/Class/CDC/Src/usbd_cdc.o
                0x08001e7c                USBD_CDC_RegisterInterface
 .text.USBD_CDC_SetTxBuffer
                0x08001e8a       0x10 Middlewares/ST/STM32_USB_Device_Library/Class/CDC/Src/usbd_cdc.o
                0x08001e8a                USBD_CDC_SetTxBuffer
 .text.USBD_CDC_SetRxBuffer
                0x08001e9a        0xc Middlewares/ST/STM32_USB_Device_Library/Class/CDC/Src/usbd_cdc.o
                0x08001e9a                USBD_CDC_SetRxBuffer
 .text.USBD_CDC_TransmitPacket
                0x08001ea6       0x2e Middlewares/ST/STM32_USB_Device_Library/Class/CDC/Src/usbd_cdc.o
                0x08001ea6                USBD_CDC_TransmitPacket
 .text.USBD_CDC_ReceivePacket
                0x08001ed4       0x32 Middlewares/ST/STM32_USB_Device_Library/Class/CDC/Src/usbd_cdc.o
                0x08001ed4                USBD_CDC_ReceivePacket
 .text.USBD_Init
                0x08001f06       0x2e Middlewares/ST/STM32_USB_Device_Library/Core/Src/usbd_core.o
                0x08001f06                USBD_Init
 .text.USBD_RegisterClass
                0x08001f34        0xe Middlewares/ST/STM32_USB_Device_Library/Core/Src/usbd_core.o
                0x08001f34                USBD_RegisterClass
 .text.USBD_Start
                0x08001f42        0xa Middlewares/ST/STM32_USB_Device_Library/Core/Src/usbd_core.o
                0x08001f42                USBD_Start
 .text.USBD_SetClassConfig
                0x08001f4c       0x1a Middlewares/ST/STM32_USB_Device_Library/Core/Src/usbd_core.o
                0x08001f4c                USBD_SetClassConfig
 .text.USBD_ClrClassConfig
                0x08001f66        0xe Middlewares/ST/STM32_USB_Device_Library/Core/Src/usbd_core.o
                0x08001f66                USBD_ClrClassConfig
 .text.USBD_LL_SetupStage
                0x08001f74       0x5a Middlewares/ST/STM32_USB_Device_Library/Core/Src/usbd_core.o
                0x08001f74                USBD_LL_SetupStage
 .text.USBD_LL_DataOutStage
                0x08001fce       0x6a Middlewares/ST/STM32_USB_Device_Library/Core/Src/usbd_core.o
                0x08001fce                USBD_LL_DataOutStage
 .text.USBD_LL_DataInStage
                0x08002038       0xb2 Middlewares/ST/STM32_USB_Device_Library/Core/Src/usbd_core.o
                0x08002038                USBD_LL_DataInStage
 .text.USBD_LL_Reset
                0x080020ea       0x3e Middlewares/ST/STM32_USB_Device_Library/Core/Src/usbd_core.o
                0x080020ea                USBD_LL_Reset
 .text.USBD_LL_SetSpeed
                0x08002128        0x6 Middlewares/ST/STM32_USB_Device_Library/Core/Src/usbd_core.o
                0x08002128                USBD_LL_SetSpeed
 .text.USBD_LL_Suspend
                0x0800212e       0x12 Middlewares/ST/STM32_USB_Device_Library/Core/Src/usbd_core.o
                0x0800212e                USBD_LL_Suspend
 .text.USBD_LL_Resume
                0x08002140        0xc Middlewares/ST/STM32_USB_Device_Library/Core/Src/usbd_core.o
                0x08002140                USBD_LL_Resume
 .text.USBD_LL_SOF
                0x0800214c       0x1c Middlewares/ST/STM32_USB_Device_Library/Core/Src/usbd_core.o
                0x0800214c                USBD_LL_SOF
 .text.USBD_GetLen
                0x08002168       0x14 Middlewares/ST/STM32_USB_Device_Library/Core/Src/usbd_ctlreq.o
 .text.USBD_SetFeature
                0x0800217c       0x20 Middlewares/ST/STM32_USB_Device_Library/Core/Src/usbd_ctlreq.o
 .text.USBD_ParseSetupRequest
                0x0800219c       0x28 Middlewares/ST/STM32_USB_Device_Library/Core/Src/usbd_ctlreq.o
                0x0800219c                USBD_ParseSetupRequest
 .text.USBD_CtlError
                0x080021c4       0x14 Middlewares/ST/STM32_USB_Device_Library/Core/Src/usbd_ctlreq.o
                0x080021c4                USBD_CtlError
 .text.USBD_GetDescriptor
                0x080021d8      0x132 Middlewares/ST/STM32_USB_Device_Library/Core/Src/usbd_ctlreq.o
 .text.USBD_SetAddress
                0x0800230a       0x4a Middlewares/ST/STM32_USB_Device_Library/Core/Src/usbd_ctlreq.o
 .text.USBD_SetConfig
                0x08002354       0xa4 Middlewares/ST/STM32_USB_Device_Library/Core/Src/usbd_ctlreq.o
 .text.USBD_GetConfig
                0x080023f8       0x3a Middlewares/ST/STM32_USB_Device_Library/Core/Src/usbd_ctlreq.o
 .text.USBD_GetStatus
                0x08002432       0x2c Middlewares/ST/STM32_USB_Device_Library/Core/Src/usbd_ctlreq.o
 .text.USBD_ClrFeature
                0x0800245e       0x32 Middlewares/ST/STM32_USB_Device_Library/Core/Src/usbd_ctlreq.o
 .text.USBD_StdDevReq
                0x08002490       0x48 Middlewares/ST/STM32_USB_Device_Library/Core/Src/usbd_ctlreq.o
                0x08002490                USBD_StdDevReq
 .text.USBD_StdItfReq
                0x080024d8       0x38 Middlewares/ST/STM32_USB_Device_Library/Core/Src/usbd_ctlreq.o
                0x080024d8                USBD_StdItfReq
 .text.USBD_StdEPReq
                0x08002510      0x118 Middlewares/ST/STM32_USB_Device_Library/Core/Src/usbd_ctlreq.o
                0x08002510                USBD_StdEPReq
 .text.USBD_GetString
                0x08002628       0x3a Middlewares/ST/STM32_USB_Device_Library/Core/Src/usbd_ctlreq.o
                0x08002628                USBD_GetString
 .text.USBD_CtlSendData
                0x08002662       0x1a Middlewares/ST/STM32_USB_Device_Library/Core/Src/usbd_ioreq.o
                0x08002662                USBD_CtlSendData
 .text.USBD_CtlContinueSendData
                0x0800267c       0x10 Middlewares/ST/STM32_USB_Device_Library/Core/Src/usbd_ioreq.o
                0x0800267c                USBD_CtlContinueSendData
 .text.USBD_CtlPrepareRx
                0x0800268c       0x1e Middlewares/ST/STM32_USB_Device_Library/Core/Src/usbd_ioreq.o
                0x0800268c                USBD_CtlPrepareRx
 .text.USBD_CtlContinueRx
                0x080026aa       0x10 Middlewares/ST/STM32_USB_Device_Library/Core/Src/usbd_ioreq.o
                0x080026aa                USBD_CtlContinueRx
 .text.USBD_CtlSendStatus
                0x080026ba       0x16 Middlewares/ST/STM32_USB_Device_Library/Core/Src/usbd_ioreq.o
                0x080026ba                USBD_CtlSendStatus
 .text.USBD_CtlReceiveStatus
                0x080026d0       0x16 Middlewares/ST/STM32_USB_Device_Library/Core/Src/usbd_ioreq.o
                0x080026d0                USBD_CtlReceiveStatus
 *fill*         0x080026e6        0x2 
 .text.MX_GPIO_Init
                0x080026e8       0x30 Src/main.o
 .text._Error_Handler
                0x08002718        0x2 Src/main.o
                0x08002718                _Error_Handler
 *fill*         0x0800271a        0x2 
 .text.SystemClock_Config
                0x0800271c       0x9c Src/main.o
                0x0800271c                SystemClock_Config
 .text.main     0x080027b8       0x14 Src/main.o
                0x080027b8                main
 .text.HAL_MspInit
                0x080027cc       0xa0 Src/stm32f1xx_hal_msp.o
                0x080027cc                HAL_MspInit
 .text.NMI_Handler
                0x0800286c        0x2 Src/stm32f1xx_it.o
                0x0800286c                NMI_Handler
 .text.HardFault_Handler
                0x0800286e        0x2 Src/stm32f1xx_it.o
                0x0800286e                HardFault_Handler
 .text.MemManage_Handler
                0x08002870        0x2 Src/stm32f1xx_it.o
                0x08002870                MemManage_Handler
 .text.BusFault_Handler
                0x08002872        0x2 Src/stm32f1xx_it.o
                0x08002872                BusFault_Handler
 .text.UsageFault_Handler
                0x08002874        0x2 Src/stm32f1xx_it.o
                0x08002874                UsageFault_Handler
 .text.SVC_Handler
                0x08002876        0x2 Src/stm32f1xx_it.o
                0x08002876                SVC_Handler
 .text.DebugMon_Handler
                0x08002878        0x2 Src/stm32f1xx_it.o
                0x08002878                DebugMon_Handler
 .text.PendSV_Handler
                0x0800287a        0x2 Src/stm32f1xx_it.o
                0x0800287a                PendSV_Handler
 .text.SysTick_Handler
                0x0800287c        0xc Src/stm32f1xx_it.o
                0x0800287c                SysTick_Handler
 .text.USB_LP_CAN1_RX0_IRQHandler
                0x08002888       0x10 Src/stm32f1xx_it.o
                0x08002888                USB_LP_CAN1_RX0_IRQHandler
 .text.SystemInit
                0x08002898       0x4c Src/system_stm32f1xx.o
                0x08002898                SystemInit
 .text.MX_USB_DEVICE_Init
                0x080028e4       0x38 Src/usb_device.o
                0x080028e4                MX_USB_DEVICE_Init
 .text.CDC_DeInit_FS
                0x0800291c        0x4 Src/usbd_cdc_if.o
 .text.CDC_Control_FS
                0x08002920        0x4 Src/usbd_cdc_if.o
 .text.CDC_Init_FS
                0x08002924       0x28 Src/usbd_cdc_if.o
 .text.CDC_Transmit_FS
                0x0800294c       0x2c Src/usbd_cdc_if.o
                0x0800294c                CDC_Transmit_FS
 .text.CDC_Receive_FS
                0x08002978       0x88 Src/usbd_cdc_if.o
 .text.HAL_PCD_MspInit
                0x08002a00       0x40 Src/usbd_conf.o
                0x08002a00                HAL_PCD_MspInit
 .text.HAL_PCD_SetupStageCallback
                0x08002a40       0x10 Src/usbd_conf.o
                0x08002a40                HAL_PCD_SetupStageCallback
 .text.HAL_PCD_DataOutStageCallback
                0x08002a50       0x14 Src/usbd_conf.o
                0x08002a50                HAL_PCD_DataOutStageCallback
 .text.HAL_PCD_DataInStageCallback
                0x08002a64       0x12 Src/usbd_conf.o
                0x08002a64                HAL_PCD_DataInStageCallback
 .text.HAL_PCD_SOFCallback
                0x08002a76        0xc Src/usbd_conf.o
                0x08002a76                HAL_PCD_SOFCallback
 .text.HAL_PCD_ResetCallback
                0x08002a82       0x18 Src/usbd_conf.o
                0x08002a82                HAL_PCD_ResetCallback
 *fill*         0x08002a9a        0x2 
 .text.HAL_PCD_SuspendCallback
                0x08002a9c       0x20 Src/usbd_conf.o
                0x08002a9c                HAL_PCD_SuspendCallback
 .text.HAL_PCD_ResumeCallback
                0x08002abc        0xc Src/usbd_conf.o
                0x08002abc                HAL_PCD_ResumeCallback
 .text.USBD_LL_Init
                0x08002ac8       0x94 Src/usbd_conf.o
                0x08002ac8                USBD_LL_Init
 .text.USBD_LL_Start
                0x08002b5c       0x1c Src/usbd_conf.o
                0x08002b5c                USBD_LL_Start
 .text.USBD_LL_OpenEP
                0x08002b78       0x22 Src/usbd_conf.o
                0x08002b78                USBD_LL_OpenEP
 .text.USBD_LL_CloseEP
                0x08002b9a       0x1c Src/usbd_conf.o
                0x08002b9a                USBD_LL_CloseEP
 .text.USBD_LL_StallEP
                0x08002bb6       0x1c Src/usbd_conf.o
                0x08002bb6                USBD_LL_StallEP
 .text.USBD_LL_ClearStallEP
                0x08002bd2       0x1c Src/usbd_conf.o
                0x08002bd2                USBD_LL_ClearStallEP
 .text.USBD_LL_IsStallEP
                0x08002bee       0x26 Src/usbd_conf.o
                0x08002bee                USBD_LL_IsStallEP
 .text.USBD_LL_SetUSBAddress
                0x08002c14       0x1c Src/usbd_conf.o
                0x08002c14                USBD_LL_SetUSBAddress
 .text.USBD_LL_Transmit
                0x08002c30       0x1c Src/usbd_conf.o
                0x08002c30                USBD_LL_Transmit
 .text.USBD_LL_PrepareReceive
                0x08002c4c       0x1c Src/usbd_conf.o
                0x08002c4c                USBD_LL_PrepareReceive
 .text.USBD_LL_GetRxDataSize
                0x08002c68        0xc Src/usbd_conf.o
                0x08002c68                USBD_LL_GetRxDataSize
 .text.USBD_static_malloc
                0x08002c74        0x8 Src/usbd_conf.o
                0x08002c74                USBD_static_malloc
 .text.USBD_static_free
                0x08002c7c        0x2 Src/usbd_conf.o
                0x08002c7c                USBD_static_free
 .text.HAL_PCDEx_SetConnectionState
                0x08002c7e        0x2 Src/usbd_conf.o
                0x08002c7e                HAL_PCDEx_SetConnectionState
 .text.USBD_FS_DeviceDescriptor
                0x08002c80        0xc Src/usbd_desc.o
                0x08002c80                USBD_FS_DeviceDescriptor
 .text.USBD_FS_LangIDStrDescriptor
                0x08002c8c        0xc Src/usbd_desc.o
                0x08002c8c                USBD_FS_LangIDStrDescriptor
 .text.USBD_FS_ProductStrDescriptor
                0x08002c98       0x24 Src/usbd_desc.o
                0x08002c98                USBD_FS_ProductStrDescriptor
 .text.USBD_FS_ManufacturerStrDescriptor
                0x08002cbc       0x1c Src/usbd_desc.o
                0x08002cbc                USBD_FS_ManufacturerStrDescriptor
 .text.USBD_FS_SerialStrDescriptor
                0x08002cd8       0x24 Src/usbd_desc.o
                0x08002cd8                USBD_FS_SerialStrDescriptor
 .text.USBD_FS_ConfigStrDescriptor
                0x08002cfc       0x24 Src/usbd_desc.o
                0x08002cfc                USBD_FS_ConfigStrDescriptor
 .text.USBD_FS_InterfaceStrDescriptor
                0x08002d20       0x24 Src/usbd_desc.o
                0x08002d20                USBD_FS_InterfaceStrDescriptor
 .text.Reset_Handler
                0x08002d44       0x48 startup/startup_stm32f103xb.o
                0x08002d44                Reset_Handler
 .text.Default_Handler
                0x08002d8c        0x2 startup/startup_stm32f103xb.o
                0x08002d8c                RTC_Alarm_IRQHandler
                0x08002d8c                EXTI2_IRQHandler
                0x08002d8c                TIM1_CC_IRQHandler
                0x08002d8c                PVD_IRQHandler
                0x08002d8c                EXTI3_IRQHandler
                0x08002d8c                EXTI0_IRQHandler
                0x08002d8c                I2C2_EV_IRQHandler
                0x08002d8c                ADC1_2_IRQHandler
                0x08002d8c                SPI1_IRQHandler
                0x08002d8c                TAMPER_IRQHandler
                0x08002d8c                DMA1_Channel4_IRQHandler
                0x08002d8c                USART3_IRQHandler
                0x08002d8c                RTC_IRQHandler
                0x08002d8c                DMA1_Channel7_IRQHandler
                0x08002d8c                CAN1_RX1_IRQHandler
                0x08002d8c                TIM4_IRQHandler
                0x08002d8c                I2C1_EV_IRQHandler
                0x08002d8c                DMA1_Channel6_IRQHandler
                0x08002d8c                TIM3_IRQHandler
                0x08002d8c                RCC_IRQHandler
                0x08002d8c                TIM1_TRG_COM_IRQHandler
                0x08002d8c                DMA1_Channel1_IRQHandler
                0x08002d8c                Default_Handler
                0x08002d8c                EXTI15_10_IRQHandler
                0x08002d8c                EXTI9_5_IRQHandler
                0x08002d8c                SPI2_IRQHandler
                0x08002d8c                DMA1_Channel5_IRQHandler
                0x08002d8c                EXTI4_IRQHandler
                0x08002d8c                USB_HP_CAN1_TX_IRQHandler
                0x08002d8c                DMA1_Channel3_IRQHandler
                0x08002d8c                TIM1_UP_IRQHandler
                0x08002d8c                WWDG_IRQHandler
                0x08002d8c                TIM2_IRQHandler
                0x08002d8c                TIM1_BRK_IRQHandler
                0x08002d8c                EXTI1_IRQHandler
                0x08002d8c                USART2_IRQHandler
                0x08002d8c                I2C2_ER_IRQHandler
                0x08002d8c                DMA1_Channel2_IRQHandler
                0x08002d8c                CAN1_SCE_IRQHandler
                0x08002d8c                FLASH_IRQHandler
                0x08002d8c                USART1_IRQHandler
                0x08002d8c                I2C1_ER_IRQHandler
                0x08002d8c                USBWakeUp_IRQHandler
 *fill*         0x08002d8e        0x2 
 .text.__libc_init_array
                0x08002d90       0x48 c:/ac6/systemworkbench/plugins/fr.ac6.mcu.externaltools.arm-none.win32_1.15.0.201708311556/tools/compiler/bin/../lib/gcc/arm-none-eabi/6.3.1/../../../../arm-none-eabi/lib/thumb/v7-m\libc_nano.a(lib_a-init.o)
                0x08002d90                __libc_init_array
 *(.glue_7)
 .glue_7        0x08002dd8        0x0 linker stubs
 *(.glue_7t)
 .glue_7t       0x08002dd8        0x0 linker stubs
 *(.eh_frame)
 .eh_frame      0x08002dd8        0x0 c:/ac6/systemworkbench/plugins/fr.ac6.mcu.externaltools.arm-none.win32_1.15.0.201708311556/tools/compiler/bin/../lib/gcc/arm-none-eabi/6.3.1/thumb/v7-m/crtbegin.o
 *(.init)
 .init          0x08002dd8        0x4 c:/ac6/systemworkbench/plugins/fr.ac6.mcu.externaltools.arm-none.win32_1.15.0.201708311556/tools/compiler/bin/../lib/gcc/arm-none-eabi/6.3.1/thumb/v7-m/crti.o
                0x08002dd8                _init
 .init          0x08002ddc        0x8 c:/ac6/systemworkbench/plugins/fr.ac6.mcu.externaltools.arm-none.win32_1.15.0.201708311556/tools/compiler/bin/../lib/gcc/arm-none-eabi/6.3.1/thumb/v7-m/crtn.o
 *(.fini)
 .fini          0x08002de4        0x4 c:/ac6/systemworkbench/plugins/fr.ac6.mcu.externaltools.arm-none.win32_1.15.0.201708311556/tools/compiler/bin/../lib/gcc/arm-none-eabi/6.3.1/thumb/v7-m/crti.o
                0x08002de4                _fini
 .fini          0x08002de8        0x8 c:/ac6/systemworkbench/plugins/fr.ac6.mcu.externaltools.arm-none.win32_1.15.0.201708311556/tools/compiler/bin/../lib/gcc/arm-none-eabi/6.3.1/thumb/v7-m/crtn.o
                0x08002df0                . = ALIGN (0x4)
                0x08002df0                _etext = .

.vfp11_veneer   0x08002df0        0x0
 .vfp11_veneer  0x08002df0        0x0 linker stubs

.v4_bx          0x08002df0        0x0
 .v4_bx         0x08002df0        0x0 linker stubs

.iplt           0x08002df0        0x0
 .iplt          0x08002df0        0x0 c:/ac6/systemworkbench/plugins/fr.ac6.mcu.externaltools.arm-none.win32_1.15.0.201708311556/tools/compiler/bin/../lib/gcc/arm-none-eabi/6.3.1/thumb/v7-m/crtbegin.o

.rodata         0x08002df0       0xac
                0x08002df0                . = ALIGN (0x4)
 *(.rodata)
 .rodata        0x08002df0       0x12 Drivers/STM32F1xx_HAL_Driver/Src/stm32f1xx_hal_rcc.o
 *fill*         0x08002e02        0x2 
 .rodata        0x08002e04       0x18 Src/system_stm32f1xx.o
                0x08002e04                AHBPrescTable
                0x08002e14                APBPrescTable
 *(.rodata*)
 .rodata.str1.4
                0x08002e1c        0xe Src/main.o
 *fill*         0x08002e2a        0x2 
 .rodata.str1.4
                0x08002e2c        0x4 Src/usbd_cdc_if.o
 .rodata.str1.4
                0x08002e30       0x13 Src/usbd_conf.o
 *fill*         0x08002e43        0x1 
 .rodata.str1.4
                0x08002e44       0x58 Src/usbd_desc.o
                                 0x56 (size before relaxing)
                0x08002e9c                . = ALIGN (0x4)

.rel.dyn        0x08002e9c        0x0
 .rel.iplt      0x08002e9c        0x0 c:/ac6/systemworkbench/plugins/fr.ac6.mcu.externaltools.arm-none.win32_1.15.0.201708311556/tools/compiler/bin/../lib/gcc/arm-none-eabi/6.3.1/thumb/v7-m/crtbegin.o

.ARM.extab
 *(.ARM.extab* .gnu.linkonce.armextab.*)

.ARM            0x08002e9c        0x0
                0x08002e9c                __exidx_start = .
 *(.ARM.exidx*)
                0x08002e9c                __exidx_end = .

.preinit_array  0x08002e9c        0x0
                0x08002e9c                PROVIDE (__preinit_array_start, .)
 *(.preinit_array*)
                0x08002e9c                PROVIDE (__preinit_array_end, .)

.init_array     0x08002e9c        0x4
                0x08002e9c                PROVIDE (__init_array_start, .)
 *(SORT(.init_array.*))
 *(.init_array*)
 .init_array    0x08002e9c        0x4 c:/ac6/systemworkbench/plugins/fr.ac6.mcu.externaltools.arm-none.win32_1.15.0.201708311556/tools/compiler/bin/../lib/gcc/arm-none-eabi/6.3.1/thumb/v7-m/crtbegin.o
                0x08002ea0                PROVIDE (__init_array_end, .)

.fini_array     0x08002ea0        0x4
                [!provide]                PROVIDE (__fini_array_start, .)
 *(SORT(.fini_array.*))
 *(.fini_array*)
 .fini_array    0x08002ea0        0x4 c:/ac6/systemworkbench/plugins/fr.ac6.mcu.externaltools.arm-none.win32_1.15.0.201708311556/tools/compiler/bin/../lib/gcc/arm-none-eabi/6.3.1/thumb/v7-m/crtbegin.o
                [!provide]                PROVIDE (__fini_array_end, .)
                0x08002ea4                _sidata = LOADADDR (.data)

.data           0x20000000      0x160 load address 0x08002ea4
                0x20000000                . = ALIGN (0x4)
                0x20000000                _sdata = .
 *(.data)
 .data          0x20000000        0x8 Drivers/STM32F1xx_HAL_Driver/Src/stm32f1xx_hal.o
                0x20000000                uwTickFreq
                0x20000004                uwTickPrio
 .data          0x20000008      0x110 Middlewares/ST/STM32_USB_Device_Library/Class/CDC/Src/usbd_cdc.o
                0x20000008                USBD_CDC_CfgFSDesc
                0x2000004c                USBD_CDC_CfgHSDesc
                0x20000090                USBD_CDC_OtherSpeedCfgDesc
                0x200000e0                USBD_CDC
 .data          0x20000118        0x4 Src/system_stm32f1xx.o
                0x20000118                SystemCoreClock
 .data          0x2000011c       0x10 Src/usbd_cdc_if.o
                0x2000011c                USBD_Interface_fops_FS
 .data          0x2000012c       0x34 Src/usbd_desc.o
                0x2000012c                USBD_FS_DeviceDesc
                0x20000140                USBD_LangIDDesc
                0x20000144                FS_Desc
 *(.data*)
                0x20000160                . = ALIGN (0x4)
                0x20000160                _edata = .

.jcr            0x20000160        0x0 load address 0x08003004
 .jcr           0x20000160        0x0 c:/ac6/systemworkbench/plugins/fr.ac6.mcu.externaltools.arm-none.win32_1.15.0.201708311556/tools/compiler/bin/../lib/gcc/arm-none-eabi/6.3.1/thumb/v7-m/crtbegin.o

.igot.plt       0x20000160        0x0 load address 0x08003004
 .igot.plt      0x20000160        0x0 c:/ac6/systemworkbench/plugins/fr.ac6.mcu.externaltools.arm-none.win32_1.15.0.201708311556/tools/compiler/bin/../lib/gcc/arm-none-eabi/6.3.1/thumb/v7-m/crtbegin.o
                0x20000160                . = ALIGN (0x4)

.bss            0x20000160     0x39cc load address 0x08003004
                0x20000160                _sbss = .
                0x20000160                __bss_start__ = _sbss
 *(.bss)
 .bss           0x20000160       0x1c c:/ac6/systemworkbench/plugins/fr.ac6.mcu.externaltools.arm-none.win32_1.15.0.201708311556/tools/compiler/bin/../lib/gcc/arm-none-eabi/6.3.1/thumb/v7-m/crtbegin.o
 .bss           0x2000017c        0x1 Middlewares/ST/STM32_USB_Device_Library/Class/CDC/Src/usbd_cdc.o
 .bss           0x2000017d        0x1 Middlewares/ST/STM32_USB_Device_Library/Core/Src/usbd_ctlreq.o
 *fill*         0x2000017e        0x2 
 .bss           0x20000180     0x2728 Src/usbd_cdc_if.o
                0x200028a4                i
 .bss           0x200028a8      0x220 Src/usbd_conf.o
 *(.bss*)
 *(COMMON)
 COMMON         0x20002ac8        0x4 Drivers/STM32F1xx_HAL_Driver/Src/stm32f1xx_hal.o
                0x20002ac8                uwTick
 COMMON         0x20002acc      0x224 Src/usb_device.o
                0x20002acc                hUsbDeviceFS
 COMMON         0x20002cf0      0x7da Src/usbd_cdc_if.o
                0x20002cf0                UserRxBufferFS
                0x200030d8                UserTxBufferFS
                0x200034c0                saved
 *fill*         0x200034ca        0x2 
 COMMON         0x200034cc      0x460 Src/usbd_conf.o
                0x200034cc                hpcd_USB_FS
 COMMON         0x2000392c      0x200 Src/usbd_desc.o
                0x2000392c                USBD_StrDesc
                0x20003b2c                . = ALIGN (0x4)
                0x20003b2c                _ebss = .
                0x20003b2c                __bss_end__ = _ebss

._user_heap_stack
                0x20003b2c      0x604 load address 0x08003004
                0x20003b30                . = ALIGN (0x8)
 *fill*         0x20003b2c        0x4 
                [!provide]                PROVIDE (end, .)
                [!provide]                PROVIDE (_end, .)
                0x20003d30                . = (. + _Min_Heap_Size)
 *fill*         0x20003b30      0x200 
                0x20004130                . = (. + _Min_Stack_Size)
 *fill*         0x20003d30      0x400 
                0x20004130                . = ALIGN (0x8)

/DISCARD/
 libc.a(*)
 libm.a(*)
 libgcc.a(*)

.ARM.attributes
                0x00000000       0x29
 *(.ARM.attributes)
 .ARM.attributes
                0x00000000       0x1d c:/ac6/systemworkbench/plugins/fr.ac6.mcu.externaltools.arm-none.win32_1.15.0.201708311556/tools/compiler/bin/../lib/gcc/arm-none-eabi/6.3.1/thumb/v7-m/crti.o
 .ARM.attributes
                0x0000001d       0x2d c:/ac6/systemworkbench/plugins/fr.ac6.mcu.externaltools.arm-none.win32_1.15.0.201708311556/tools/compiler/bin/../lib/gcc/arm-none-eabi/6.3.1/thumb/v7-m/crtbegin.o
 .ARM.attributes
                0x0000004a       0x33 Drivers/STM32F1xx_HAL_Driver/Src/stm32f1xx_hal.o
 .ARM.attributes
                0x0000007d       0x33 Drivers/STM32F1xx_HAL_Driver/Src/stm32f1xx_hal_cortex.o
 .ARM.attributes
                0x000000b0       0x33 Drivers/STM32F1xx_HAL_Driver/Src/stm32f1xx_hal_pcd.o
 .ARM.attributes
                0x000000e3       0x33 Drivers/STM32F1xx_HAL_Driver/Src/stm32f1xx_hal_pcd_ex.o
 .ARM.attributes
                0x00000116       0x33 Drivers/STM32F1xx_HAL_Driver/Src/stm32f1xx_hal_rcc.o
 .ARM.attributes
                0x00000149       0x33 Drivers/STM32F1xx_HAL_Driver/Src/stm32f1xx_hal_rcc_ex.o
 .ARM.attributes
                0x0000017c       0x33 Drivers/STM32F1xx_HAL_Driver/Src/stm32f1xx_ll_usb.o
 .ARM.attributes
                0x000001af       0x33 Middlewares/ST/STM32_USB_Device_Library/Class/CDC/Src/usbd_cdc.o
 .ARM.attributes
                0x000001e2       0x33 Middlewares/ST/STM32_USB_Device_Library/Core/Src/usbd_core.o
 .ARM.attributes
                0x00000215       0x33 Middlewares/ST/STM32_USB_Device_Library/Core/Src/usbd_ctlreq.o
 .ARM.attributes
                0x00000248       0x33 Middlewares/ST/STM32_USB_Device_Library/Core/Src/usbd_ioreq.o
 .ARM.attributes
                0x0000027b       0x33 Src/main.o
 .ARM.attributes
                0x000002ae       0x33 Src/stm32f1xx_hal_msp.o
 .ARM.attributes
                0x000002e1       0x33 Src/stm32f1xx_it.o
 .ARM.attributes
                0x00000314       0x33 Src/system_stm32f1xx.o
 .ARM.attributes
                0x00000347       0x33 Src/usb_device.o
 .ARM.attributes
                0x0000037a       0x33 Src/usbd_cdc_if.o
 .ARM.attributes
                0x000003ad       0x33 Src/usbd_conf.o
 .ARM.attributes
                0x000003e0       0x33 Src/usbd_desc.o
 .ARM.attributes
                0x00000413       0x21 startup/startup_stm32f103xb.o
 .ARM.attributes
                0x00000434       0x2d c:/ac6/systemworkbench/plugins/fr.ac6.mcu.externaltools.arm-none.win32_1.15.0.201708311556/tools/compiler/bin/../lib/gcc/arm-none-eabi/6.3.1/../../../../arm-none-eabi/lib/thumb/v7-m\libc_nano.a(lib_a-init.o)
 .ARM.attributes
                0x00000461       0x1d c:/ac6/systemworkbench/plugins/fr.ac6.mcu.externaltools.arm-none.win32_1.15.0.201708311556/tools/compiler/bin/../lib/gcc/arm-none-eabi/6.3.1/thumb/v7-m/crtn.o
OUTPUT(usb.elf elf32-littlearm)

.debug_info     0x00000000    0x15a96
 .debug_info    0x00000000      0xfaa Drivers/STM32F1xx_HAL_Driver/Src/stm32f1xx_hal.o
 .debug_info    0x00000faa     0x147b Drivers/STM32F1xx_HAL_Driver/Src/stm32f1xx_hal_cortex.o
 .debug_info    0x00002425     0x19d4 Drivers/STM32F1xx_HAL_Driver/Src/stm32f1xx_hal_pcd.o
 .debug_info    0x00003df9      0xe11 Drivers/STM32F1xx_HAL_Driver/Src/stm32f1xx_hal_pcd_ex.o
 .debug_info    0x00004c0a     0x11f3 Drivers/STM32F1xx_HAL_Driver/Src/stm32f1xx_hal_rcc.o
 .debug_info    0x00005dfd      0xc6b Drivers/STM32F1xx_HAL_Driver/Src/stm32f1xx_hal_rcc_ex.o
 .debug_info    0x00006a68     0x1730 Drivers/STM32F1xx_HAL_Driver/Src/stm32f1xx_ll_usb.o
 .debug_info    0x00008198     0x158a Middlewares/ST/STM32_USB_Device_Library/Class/CDC/Src/usbd_cdc.o
 .debug_info    0x00009722     0x1490 Middlewares/ST/STM32_USB_Device_Library/Core/Src/usbd_core.o
 .debug_info    0x0000abb2     0x1666 Middlewares/ST/STM32_USB_Device_Library/Core/Src/usbd_ctlreq.o
 .debug_info    0x0000c218      0xfd9 Middlewares/ST/STM32_USB_Device_Library/Core/Src/usbd_ioreq.o
 .debug_info    0x0000d1f1     0x12e1 Src/main.o
 .debug_info    0x0000e4d2      0xcf2 Src/stm32f1xx_hal_msp.o
 .debug_info    0x0000f1c4      0xe3f Src/stm32f1xx_it.o
 .debug_info    0x00010003      0xc1b Src/system_stm32f1xx.o
 .debug_info    0x00010c1e      0xe91 Src/usb_device.o
 .debug_info    0x00011aaf     0x11ad Src/usbd_cdc_if.o
 .debug_info    0x00012c5c     0x2076 Src/usbd_conf.o
 .debug_info    0x00014cd2      0xd62 Src/usbd_desc.o
 .debug_info    0x00015a34       0x62 startup/startup_stm32f103xb.o

.debug_abbrev   0x00000000     0x33d3
 .debug_abbrev  0x00000000      0x2f2 Drivers/STM32F1xx_HAL_Driver/Src/stm32f1xx_hal.o
 .debug_abbrev  0x000002f2      0x3cb Drivers/STM32F1xx_HAL_Driver/Src/stm32f1xx_hal_cortex.o
 .debug_abbrev  0x000006bd      0x355 Drivers/STM32F1xx_HAL_Driver/Src/stm32f1xx_hal_pcd.o
 .debug_abbrev  0x00000a12      0x230 Drivers/STM32F1xx_HAL_Driver/Src/stm32f1xx_hal_pcd_ex.o
 .debug_abbrev  0x00000c42      0x333 Drivers/STM32F1xx_HAL_Driver/Src/stm32f1xx_hal_rcc.o
 .debug_abbrev  0x00000f75      0x2b2 Drivers/STM32F1xx_HAL_Driver/Src/stm32f1xx_hal_rcc_ex.o
 .debug_abbrev  0x00001227      0x2c1 Drivers/STM32F1xx_HAL_Driver/Src/stm32f1xx_ll_usb.o
 .debug_abbrev  0x000014e8      0x312 Middlewares/ST/STM32_USB_Device_Library/Class/CDC/Src/usbd_cdc.o
 .debug_abbrev  0x000017fa      0x2c6 Middlewares/ST/STM32_USB_Device_Library/Core/Src/usbd_core.o
 .debug_abbrev  0x00001ac0      0x327 Middlewares/ST/STM32_USB_Device_Library/Core/Src/usbd_ctlreq.o
 .debug_abbrev  0x00001de7      0x213 Middlewares/ST/STM32_USB_Device_Library/Core/Src/usbd_ioreq.o
 .debug_abbrev  0x00001ffa      0x2ab Src/main.o
 .debug_abbrev  0x000022a5      0x232 Src/stm32f1xx_hal_msp.o
 .debug_abbrev  0x000024d7      0x21b Src/stm32f1xx_it.o
 .debug_abbrev  0x000026f2      0x226 Src/system_stm32f1xx.o
 .debug_abbrev  0x00002918      0x216 Src/usb_device.o
 .debug_abbrev  0x00002b2e      0x307 Src/usbd_cdc_if.o
 .debug_abbrev  0x00002e35      0x31a Src/usbd_conf.o
 .debug_abbrev  0x0000314f      0x272 Src/usbd_desc.o
 .debug_abbrev  0x000033c1       0x12 startup/startup_stm32f103xb.o

.debug_loc      0x00000000     0x4f58
 .debug_loc     0x00000000      0x108 Drivers/STM32F1xx_HAL_Driver/Src/stm32f1xx_hal.o
 .debug_loc     0x00000108      0x5ad Drivers/STM32F1xx_HAL_Driver/Src/stm32f1xx_hal_cortex.o
 .debug_loc     0x000006b5      0x9fb Drivers/STM32F1xx_HAL_Driver/Src/stm32f1xx_hal_pcd.o
 .debug_loc     0x000010b0       0xf4 Drivers/STM32F1xx_HAL_Driver/Src/stm32f1xx_hal_pcd_ex.o
 .debug_loc     0x000011a4      0x4d1 Drivers/STM32F1xx_HAL_Driver/Src/stm32f1xx_hal_rcc.o
 .debug_loc     0x00001675      0x2dc Drivers/STM32F1xx_HAL_Driver/Src/stm32f1xx_hal_rcc_ex.o
 .debug_loc     0x00001951      0xc18 Drivers/STM32F1xx_HAL_Driver/Src/stm32f1xx_ll_usb.o
 .debug_loc     0x00002569      0x4b9 Middlewares/ST/STM32_USB_Device_Library/Class/CDC/Src/usbd_cdc.o
 .debug_loc     0x00002a22      0x71c Middlewares/ST/STM32_USB_Device_Library/Core/Src/usbd_core.o
 .debug_loc     0x0000313e      0xb78 Middlewares/ST/STM32_USB_Device_Library/Core/Src/usbd_ctlreq.o
 .debug_loc     0x00003cb6      0x23c Middlewares/ST/STM32_USB_Device_Library/Core/Src/usbd_ioreq.o
 .debug_loc     0x00003ef2       0xdf Src/system_stm32f1xx.o
 .debug_loc     0x00003fd1      0x17d Src/usbd_cdc_if.o
 .debug_loc     0x0000414e      0xb53 Src/usbd_conf.o
 .debug_loc     0x00004ca1      0x2b7 Src/usbd_desc.o

.debug_aranges  0x00000000      0x960
 .debug_aranges
                0x00000000       0xd0 Drivers/STM32F1xx_HAL_Driver/Src/stm32f1xx_hal.o
 .debug_aranges
                0x000000d0       0x90 Drivers/STM32F1xx_HAL_Driver/Src/stm32f1xx_hal_cortex.o
 .debug_aranges
                0x00000160      0x120 Drivers/STM32F1xx_HAL_Driver/Src/stm32f1xx_hal_pcd.o
 .debug_aranges
                0x00000280       0x28 Drivers/STM32F1xx_HAL_Driver/Src/stm32f1xx_hal_pcd_ex.o
 .debug_aranges
                0x000002a8       0x90 Drivers/STM32F1xx_HAL_Driver/Src/stm32f1xx_hal_rcc.o
 .debug_aranges
                0x00000338       0x30 Drivers/STM32F1xx_HAL_Driver/Src/stm32f1xx_hal_rcc_ex.o
 .debug_aranges
                0x00000368      0x100 Drivers/STM32F1xx_HAL_Driver/Src/stm32f1xx_ll_usb.o
 .debug_aranges
                0x00000468       0x90 Middlewares/ST/STM32_USB_Device_Library/Class/CDC/Src/usbd_cdc.o
 .debug_aranges
                0x000004f8       0xb8 Middlewares/ST/STM32_USB_Device_Library/Core/Src/usbd_core.o
 .debug_aranges
                0x000005b0       0x88 Middlewares/ST/STM32_USB_Device_Library/Core/Src/usbd_ctlreq.o
 .debug_aranges
                0x00000638       0x50 Middlewares/ST/STM32_USB_Device_Library/Core/Src/usbd_ioreq.o
 .debug_aranges
                0x00000688       0x38 Src/main.o
 .debug_aranges
                0x000006c0       0x20 Src/stm32f1xx_hal_msp.o
 .debug_aranges
                0x000006e0       0x68 Src/stm32f1xx_it.o
 .debug_aranges
                0x00000748       0x28 Src/system_stm32f1xx.o
 .debug_aranges
                0x00000770       0x20 Src/usb_device.o
 .debug_aranges
                0x00000790       0x48 Src/usbd_cdc_if.o
 .debug_aranges
                0x000007d8      0x110 Src/usbd_conf.o
 .debug_aranges
                0x000008e8       0x50 Src/usbd_desc.o
 .debug_aranges
                0x00000938       0x28 startup/startup_stm32f103xb.o

.debug_ranges   0x00000000      0x9e0
 .debug_ranges  0x00000000       0xc0 Drivers/STM32F1xx_HAL_Driver/Src/stm32f1xx_hal.o
 .debug_ranges  0x000000c0       0xe0 Drivers/STM32F1xx_HAL_Driver/Src/stm32f1xx_hal_cortex.o
 .debug_ranges  0x000001a0      0x140 Drivers/STM32F1xx_HAL_Driver/Src/stm32f1xx_hal_pcd.o
 .debug_ranges  0x000002e0       0x18 Drivers/STM32F1xx_HAL_Driver/Src/stm32f1xx_hal_pcd_ex.o
 .debug_ranges  0x000002f8       0xa0 Drivers/STM32F1xx_HAL_Driver/Src/stm32f1xx_hal_rcc.o
 .debug_ranges  0x00000398       0x38 Drivers/STM32F1xx_HAL_Driver/Src/stm32f1xx_hal_rcc_ex.o
 .debug_ranges  0x000003d0      0x1e0 Drivers/STM32F1xx_HAL_Driver/Src/stm32f1xx_ll_usb.o
 .debug_ranges  0x000005b0       0x80 Middlewares/ST/STM32_USB_Device_Library/Class/CDC/Src/usbd_cdc.o
 .debug_ranges  0x00000630       0xa8 Middlewares/ST/STM32_USB_Device_Library/Core/Src/usbd_core.o
 .debug_ranges  0x000006d8       0x78 Middlewares/ST/STM32_USB_Device_Library/Core/Src/usbd_ctlreq.o
 .debug_ranges  0x00000750       0x40 Middlewares/ST/STM32_USB_Device_Library/Core/Src/usbd_ioreq.o
 .debug_ranges  0x00000790       0x28 Src/main.o
 .debug_ranges  0x000007b8       0x10 Src/stm32f1xx_hal_msp.o
 .debug_ranges  0x000007c8       0x58 Src/stm32f1xx_it.o
 .debug_ranges  0x00000820       0x18 Src/system_stm32f1xx.o
 .debug_ranges  0x00000838       0x10 Src/usb_device.o
 .debug_ranges  0x00000848       0x38 Src/usbd_cdc_if.o
 .debug_ranges  0x00000880      0x100 Src/usbd_conf.o
 .debug_ranges  0x00000980       0x40 Src/usbd_desc.o
 .debug_ranges  0x000009c0       0x20 startup/startup_stm32f103xb.o

.debug_macro    0x00000000    0x169af
 .debug_macro   0x00000000      0x310 Drivers/STM32F1xx_HAL_Driver/Src/stm32f1xx_hal.o
 .debug_macro   0x00000310      0x8bc Drivers/STM32F1xx_HAL_Driver/Src/stm32f1xx_hal.o
 .debug_macro   0x00000bcc       0x10 Drivers/STM32F1xx_HAL_Driver/Src/stm32f1xx_hal.o
 .debug_macro   0x00000bdc      0x163 Drivers/STM32F1xx_HAL_Driver/Src/stm32f1xx_hal.o
 .debug_macro   0x00000d3f       0x2e Drivers/STM32F1xx_HAL_Driver/Src/stm32f1xx_hal.o
 .debug_macro   0x00000d6d       0x22 Drivers/STM32F1xx_HAL_Driver/Src/stm32f1xx_hal.o
 .debug_macro   0x00000d8f       0x22 Drivers/STM32F1xx_HAL_Driver/Src/stm32f1xx_hal.o
 .debug_macro   0x00000db1       0x87 Drivers/STM32F1xx_HAL_Driver/Src/stm32f1xx_hal.o
 .debug_macro   0x00000e38       0x51 Drivers/STM32F1xx_HAL_Driver/Src/stm32f1xx_hal.o
 .debug_macro   0x00000e89       0xef Drivers/STM32F1xx_HAL_Driver/Src/stm32f1xx_hal.o
 .debug_macro   0x00000f78       0x6a Drivers/STM32F1xx_HAL_Driver/Src/stm32f1xx_hal.o
 .debug_macro   0x00000fe2      0x1df Drivers/STM32F1xx_HAL_Driver/Src/stm32f1xx_hal.o
 .debug_macro   0x000011c1       0x34 Drivers/STM32F1xx_HAL_Driver/Src/stm32f1xx_hal.o
 .debug_macro   0x000011f5       0x34 Drivers/STM32F1xx_HAL_Driver/Src/stm32f1xx_hal.o
 .debug_macro   0x00001229      0xb8e Drivers/STM32F1xx_HAL_Driver/Src/stm32f1xx_hal.o
 .debug_macro   0x00001db7     0xe90a Drivers/STM32F1xx_HAL_Driver/Src/stm32f1xx_hal.o
 .debug_macro   0x000106c1       0x43 Drivers/STM32F1xx_HAL_Driver/Src/stm32f1xx_hal.o
 .debug_macro   0x00010704       0x58 Drivers/STM32F1xx_HAL_Driver/Src/stm32f1xx_hal.o
 .debug_macro   0x0001075c       0x35 Drivers/STM32F1xx_HAL_Driver/Src/stm32f1xx_hal.o
 .debug_macro   0x00010791       0x9c Drivers/STM32F1xx_HAL_Driver/Src/stm32f1xx_hal.o
 .debug_macro   0x0001082d       0x16 Drivers/STM32F1xx_HAL_Driver/Src/stm32f1xx_hal.o
 .debug_macro   0x00010843       0x97 Drivers/STM32F1xx_HAL_Driver/Src/stm32f1xx_hal.o
 .debug_macro   0x000108da      0x330 Drivers/STM32F1xx_HAL_Driver/Src/stm32f1xx_hal.o
 .debug_macro   0x00010c0a       0xfd Drivers/STM32F1xx_HAL_Driver/Src/stm32f1xx_hal.o
 .debug_macro   0x00010d07       0x10 Drivers/STM32F1xx_HAL_Driver/Src/stm32f1xx_hal.o
 .debug_macro   0x00010d17       0x58 Drivers/STM32F1xx_HAL_Driver/Src/stm32f1xx_hal.o
 .debug_macro   0x00010d6f       0x1f Drivers/STM32F1xx_HAL_Driver/Src/stm32f1xx_hal.o
 .debug_macro   0x00010d8e       0x43 Drivers/STM32F1xx_HAL_Driver/Src/stm32f1xx_hal.o
 .debug_macro   0x00010dd1       0x20 Drivers/STM32F1xx_HAL_Driver/Src/stm32f1xx_hal.o
 .debug_macro   0x00010df1      0x187 Drivers/STM32F1xx_HAL_Driver/Src/stm32f1xx_hal.o
 .debug_macro   0x00010f78       0x10 Drivers/STM32F1xx_HAL_Driver/Src/stm32f1xx_hal.o
 .debug_macro   0x00010f88       0x1c Drivers/STM32F1xx_HAL_Driver/Src/stm32f1xx_hal.o
 .debug_macro   0x00010fa4       0x52 Drivers/STM32F1xx_HAL_Driver/Src/stm32f1xx_hal.o
 .debug_macro   0x00010ff6       0x40 Drivers/STM32F1xx_HAL_Driver/Src/stm32f1xx_hal.o
 .debug_macro   0x00011036       0x10 Drivers/STM32F1xx_HAL_Driver/Src/stm32f1xx_hal.o
 .debug_macro   0x00011046       0x40 Drivers/STM32F1xx_HAL_Driver/Src/stm32f1xx_hal.o
 .debug_macro   0x00011086       0xd7 Drivers/STM32F1xx_HAL_Driver/Src/stm32f1xx_hal.o
 .debug_macro   0x0001115d       0x16 Drivers/STM32F1xx_HAL_Driver/Src/stm32f1xx_hal.o
 .debug_macro   0x00011173      0x18b Drivers/STM32F1xx_HAL_Driver/Src/stm32f1xx_hal.o
 .debug_macro   0x000112fe       0x50 Drivers/STM32F1xx_HAL_Driver/Src/stm32f1xx_hal.o
 .debug_macro   0x0001134e      0x5c2 Drivers/STM32F1xx_HAL_Driver/Src/stm32f1xx_hal.o
 .debug_macro   0x00011910      0x28a Drivers/STM32F1xx_HAL_Driver/Src/stm32f1xx_hal.o
 .debug_macro   0x00011b9a      0x1cb Drivers/STM32F1xx_HAL_Driver/Src/stm32f1xx_hal.o
 .debug_macro   0x00011d65      0x11e Drivers/STM32F1xx_HAL_Driver/Src/stm32f1xx_hal.o
 .debug_macro   0x00011e83      0x1b3 Drivers/STM32F1xx_HAL_Driver/Src/stm32f1xx_hal.o
 .debug_macro   0x00012036       0x27 Drivers/STM32F1xx_HAL_Driver/Src/stm32f1xx_hal.o
 .debug_macro   0x0001205d      0x1bc Drivers/STM32F1xx_HAL_Driver/Src/stm32f1xx_hal.o
 .debug_macro   0x00012219       0x34 Drivers/STM32F1xx_HAL_Driver/Src/stm32f1xx_hal.o
 .debug_macro   0x0001224d       0x3c Drivers/STM32F1xx_HAL_Driver/Src/stm32f1xx_hal.o
 .debug_macro   0x00012289       0x57 Drivers/STM32F1xx_HAL_Driver/Src/stm32f1xx_hal.o
 .debug_macro   0x000122e0       0x8c Drivers/STM32F1xx_HAL_Driver/Src/stm32f1xx_hal.o
 .debug_macro   0x0001236c      0x242 Drivers/STM32F1xx_HAL_Driver/Src/stm32f1xx_hal.o
 .debug_macro   0x000125ae      0x143 Drivers/STM32F1xx_HAL_Driver/Src/stm32f1xx_hal.o
 .debug_macro   0x000126f1       0x50 Drivers/STM32F1xx_HAL_Driver/Src/stm32f1xx_hal.o
 .debug_macro   0x00012741      0x26c Drivers/STM32F1xx_HAL_Driver/Src/stm32f1xx_hal.o
 .debug_macro   0x000129ad       0x83 Drivers/STM32F1xx_HAL_Driver/Src/stm32f1xx_hal.o
 .debug_macro   0x00012a30      0x2ec Drivers/STM32F1xx_HAL_Driver/Src/stm32f1xx_hal_cortex.o
 .debug_macro   0x00012d1c      0x2f8 Drivers/STM32F1xx_HAL_Driver/Src/stm32f1xx_hal_pcd.o
 .debug_macro   0x00013014      0x2ec Drivers/STM32F1xx_HAL_Driver/Src/stm32f1xx_hal_pcd_ex.o
 .debug_macro   0x00013300      0x2fe Drivers/STM32F1xx_HAL_Driver/Src/stm32f1xx_hal_rcc.o
 .debug_macro   0x000135fe      0x2ec Drivers/STM32F1xx_HAL_Driver/Src/stm32f1xx_hal_rcc_ex.o
 .debug_macro   0x000138ea      0x2ec Drivers/STM32F1xx_HAL_Driver/Src/stm32f1xx_ll_usb.o
 .debug_macro   0x00013bd6      0x3a2 Middlewares/ST/STM32_USB_Device_Library/Class/CDC/Src/usbd_cdc.o
 .debug_macro   0x00013f78       0x52 Middlewares/ST/STM32_USB_Device_Library/Class/CDC/Src/usbd_cdc.o
 .debug_macro   0x00013fca       0x8d Middlewares/ST/STM32_USB_Device_Library/Class/CDC/Src/usbd_cdc.o
 .debug_macro   0x00014057       0x57 Middlewares/ST/STM32_USB_Device_Library/Class/CDC/Src/usbd_cdc.o
 .debug_macro   0x000140ae       0x16 Middlewares/ST/STM32_USB_Device_Library/Class/CDC/Src/usbd_cdc.o
 .debug_macro   0x000140c4       0x35 Middlewares/ST/STM32_USB_Device_Library/Class/CDC/Src/usbd_cdc.o
 .debug_macro   0x000140f9       0x16 Middlewares/ST/STM32_USB_Device_Library/Class/CDC/Src/usbd_cdc.o
 .debug_macro   0x0001410f       0x29 Middlewares/ST/STM32_USB_Device_Library/Class/CDC/Src/usbd_cdc.o
 .debug_macro   0x00014138       0x16 Middlewares/ST/STM32_USB_Device_Library/Class/CDC/Src/usbd_cdc.o
 .debug_macro   0x0001414e       0x6a Middlewares/ST/STM32_USB_Device_Library/Class/CDC/Src/usbd_cdc.o
 .debug_macro   0x000141b8      0x1c3 Middlewares/ST/STM32_USB_Device_Library/Class/CDC/Src/usbd_cdc.o
 .debug_macro   0x0001437b       0x83 Middlewares/ST/STM32_USB_Device_Library/Class/CDC/Src/usbd_cdc.o
 .debug_macro   0x000143fe      0x389 Middlewares/ST/STM32_USB_Device_Library/Core/Src/usbd_core.o
 .debug_macro   0x00014787      0x389 Middlewares/ST/STM32_USB_Device_Library/Core/Src/usbd_ctlreq.o
 .debug_macro   0x00014b10      0x385 Middlewares/ST/STM32_USB_Device_Library/Core/Src/usbd_ioreq.o
 .debug_macro   0x00014e95      0x371 Src/main.o
 .debug_macro   0x00015206      0x2ec Src/stm32f1xx_hal_msp.o
 .debug_macro   0x000154f2      0x2f6 Src/stm32f1xx_it.o
 .debug_macro   0x000157e8      0x2f2 Src/system_stm32f1xx.o
 .debug_macro   0x00015ada      0x3c0 Src/usb_device.o
 .debug_macro   0x00015e9a      0x3b0 Src/usbd_cdc_if.o
 .debug_macro   0x0001624a      0x3a2 Src/usbd_conf.o
 .debug_macro   0x000165ec      0x3c3 Src/usbd_desc.o

.debug_line     0x00000000     0xa43d
 .debug_line    0x00000000      0x868 Drivers/STM32F1xx_HAL_Driver/Src/stm32f1xx_hal.o
 .debug_line    0x00000868      0x867 Drivers/STM32F1xx_HAL_Driver/Src/stm32f1xx_hal_cortex.o
 .debug_line    0x000010cf      0xb7d Drivers/STM32F1xx_HAL_Driver/Src/stm32f1xx_hal_pcd.o
 .debug_line    0x00001c4c      0x6ec Drivers/STM32F1xx_HAL_Driver/Src/stm32f1xx_hal_pcd_ex.o
 .debug_line    0x00002338      0x97b Drivers/STM32F1xx_HAL_Driver/Src/stm32f1xx_hal_rcc.o
 .debug_line    0x00002cb3      0x776 Drivers/STM32F1xx_HAL_Driver/Src/stm32f1xx_hal_rcc_ex.o
 .debug_line    0x00003429      0xae7 Drivers/STM32F1xx_HAL_Driver/Src/stm32f1xx_ll_usb.o
 .debug_line    0x00003f10      0x992 Middlewares/ST/STM32_USB_Device_Library/Class/CDC/Src/usbd_cdc.o
 .debug_line    0x000048a2      0x99d Middlewares/ST/STM32_USB_Device_Library/Core/Src/usbd_core.o
 .debug_line    0x0000523f      0x9b2 Middlewares/ST/STM32_USB_Device_Library/Core/Src/usbd_ctlreq.o
 .debug_line    0x00005bf1      0x828 Middlewares/ST/STM32_USB_Device_Library/Core/Src/usbd_ioreq.o
 .debug_line    0x00006419      0x7b3 Src/main.o
 .debug_line    0x00006bcc      0x6b9 Src/stm32f1xx_hal_msp.o
 .debug_line    0x00007285      0x74e Src/stm32f1xx_it.o
 .debug_line    0x000079d3      0x6ec Src/system_stm32f1xx.o
 .debug_line    0x000080bf      0x814 Src/usb_device.o
 .debug_line    0x000088d3      0x86c Src/usbd_cdc_if.o
 .debug_line    0x0000913f      0xa70 Src/usbd_conf.o
 .debug_line    0x00009baf      0x811 Src/usbd_desc.o
 .debug_line    0x0000a3c0       0x7d startup/startup_stm32f103xb.o

.debug_str      0x00000000    0x6c482
 .debug_str     0x00000000    0x6968a Drivers/STM32F1xx_HAL_Driver/Src/stm32f1xx_hal.o
                              0x69a62 (size before relaxing)
 .debug_str     0x0006968a      0x2e1 Drivers/STM32F1xx_HAL_Driver/Src/stm32f1xx_hal_cortex.o
                              0x699b7 (size before relaxing)
 .debug_str     0x0006996b      0x81c Drivers/STM32F1xx_HAL_Driver/Src/stm32f1xx_hal_pcd.o
                              0x69b6c (size before relaxing)
 .debug_str     0x0006a187       0x57 Drivers/STM32F1xx_HAL_Driver/Src/stm32f1xx_hal_pcd_ex.o
                              0x69649 (size before relaxing)
 .debug_str     0x0006a1de      0x3aa Drivers/STM32F1xx_HAL_Driver/Src/stm32f1xx_hal_rcc.o
                              0x69753 (size before relaxing)
 .debug_str     0x0006a588      0x12b Drivers/STM32F1xx_HAL_Driver/Src/stm32f1xx_hal_rcc_ex.o
                              0x694df (size before relaxing)
 .debug_str     0x0006a6b3      0x15b Drivers/STM32F1xx_HAL_Driver/Src/stm32f1xx_ll_usb.o
                              0x6981c (size before relaxing)
 .debug_str     0x0006a80e     0x12a6 Middlewares/ST/STM32_USB_Device_Library/Class/CDC/Src/usbd_cdc.o
                              0x6a692 (size before relaxing)
 .debug_str     0x0006bab4      0x294 Middlewares/ST/STM32_USB_Device_Library/Core/Src/usbd_core.o
                              0x6a353 (size before relaxing)
 .debug_str     0x0006bd48      0x12e Middlewares/ST/STM32_USB_Device_Library/Core/Src/usbd_ctlreq.o
                              0x6a26d (size before relaxing)
 .debug_str     0x0006be76       0x51 Middlewares/ST/STM32_USB_Device_Library/Core/Src/usbd_ioreq.o
                              0x6a19a (size before relaxing)
 .debug_str     0x0006bec7       0x7e Src/main.o
                              0x6a600 (size before relaxing)
 .debug_str     0x0006bf45       0x3f Src/stm32f1xx_hal_msp.o
                              0x6963f (size before relaxing)
 .debug_str     0x0006bf84       0xc4 Src/stm32f1xx_it.o
                              0x6969f (size before relaxing)
 .debug_str     0x0006c048       0x69 Src/system_stm32f1xx.o
                              0x693a9 (size before relaxing)
 .debug_str     0x0006c0b1       0x3e Src/usb_device.o
                              0x6a40a (size before relaxing)
 .debug_str     0x0006c0ef      0x121 Src/usbd_cdc_if.o
                              0x6a58b (size before relaxing)
 .debug_str     0x0006c210       0x51 Src/usbd_conf.o
                              0x6aed3 (size before relaxing)
 .debug_str     0x0006c261      0x221 Src/usbd_desc.o
                              0x6a033 (size before relaxing)

.comment        0x00000000       0x7f
 .comment       0x00000000       0x7f Drivers/STM32F1xx_HAL_Driver/Src/stm32f1xx_hal.o
                                 0x80 (size before relaxing)
 .comment       0x0000007f       0x80 Drivers/STM32F1xx_HAL_Driver/Src/stm32f1xx_hal_cortex.o
 .comment       0x0000007f       0x80 Drivers/STM32F1xx_HAL_Driver/Src/stm32f1xx_hal_pcd.o
 .comment       0x0000007f       0x80 Drivers/STM32F1xx_HAL_Driver/Src/stm32f1xx_hal_pcd_ex.o
 .comment       0x0000007f       0x80 Drivers/STM32F1xx_HAL_Driver/Src/stm32f1xx_hal_rcc.o
 .comment       0x0000007f       0x80 Drivers/STM32F1xx_HAL_Driver/Src/stm32f1xx_hal_rcc_ex.o
 .comment       0x0000007f       0x80 Drivers/STM32F1xx_HAL_Driver/Src/stm32f1xx_ll_usb.o
 .comment       0x0000007f       0x80 Middlewares/ST/STM32_USB_Device_Library/Class/CDC/Src/usbd_cdc.o
 .comment       0x0000007f       0x80 Middlewares/ST/STM32_USB_Device_Library/Core/Src/usbd_core.o
 .comment       0x0000007f       0x80 Middlewares/ST/STM32_USB_Device_Library/Core/Src/usbd_ctlreq.o
 .comment       0x0000007f       0x80 Middlewares/ST/STM32_USB_Device_Library/Core/Src/usbd_ioreq.o
 .comment       0x0000007f       0x80 Src/main.o
 .comment       0x0000007f       0x80 Src/stm32f1xx_hal_msp.o
 .comment       0x0000007f       0x80 Src/stm32f1xx_it.o
 .comment       0x0000007f       0x80 Src/system_stm32f1xx.o
 .comment       0x0000007f       0x80 Src/usb_device.o
 .comment       0x0000007f       0x80 Src/usbd_cdc_if.o
 .comment       0x0000007f       0x80 Src/usbd_conf.o
 .comment       0x0000007f       0x80 Src/usbd_desc.o

.debug_frame    0x00000000     0x1530
 .debug_frame   0x00000000      0x1ac Drivers/STM32F1xx_HAL_Driver/Src/stm32f1xx_hal.o
 .debug_frame   0x000001ac      0x12c Drivers/STM32F1xx_HAL_Driver/Src/stm32f1xx_hal_cortex.o
 .debug_frame   0x000002d8      0x2e8 Drivers/STM32F1xx_HAL_Driver/Src/stm32f1xx_hal_pcd.o
 .debug_frame   0x000005c0       0x30 Drivers/STM32F1xx_HAL_Driver/Src/stm32f1xx_hal_pcd_ex.o
 .debug_frame   0x000005f0      0x170 Drivers/STM32F1xx_HAL_Driver/Src/stm32f1xx_hal_rcc.o
 .debug_frame   0x00000760       0x6c Drivers/STM32F1xx_HAL_Driver/Src/stm32f1xx_hal_rcc_ex.o
 .debug_frame   0x000007cc      0x23c Drivers/STM32F1xx_HAL_Driver/Src/stm32f1xx_ll_usb.o
 .debug_frame   0x00000a08      0x14c Middlewares/ST/STM32_USB_Device_Library/Class/CDC/Src/usbd_cdc.o
 .debug_frame   0x00000b54      0x1bc Middlewares/ST/STM32_USB_Device_Library/Core/Src/usbd_core.o
 .debug_frame   0x00000d10      0x178 Middlewares/ST/STM32_USB_Device_Library/Core/Src/usbd_ctlreq.o
 .debug_frame   0x00000e88       0xb8 Middlewares/ST/STM32_USB_Device_Library/Core/Src/usbd_ioreq.o
 .debug_frame   0x00000f40       0x70 Src/main.o
 .debug_frame   0x00000fb0       0x2c Src/stm32f1xx_hal_msp.o
 .debug_frame   0x00000fdc       0xc0 Src/stm32f1xx_it.o
 .debug_frame   0x0000109c       0x30 Src/system_stm32f1xx.o
 .debug_frame   0x000010cc       0x28 Src/usb_device.o
 .debug_frame   0x000010f4       0x8c Src/usbd_cdc_if.o
 .debug_frame   0x00001180      0x2dc Src/usbd_conf.o
 .debug_frame   0x0000145c       0xa8 Src/usbd_desc.o
 .debug_frame   0x00001504       0x2c c:/ac6/systemworkbench/plugins/fr.ac6.mcu.externaltools.arm-none.win32_1.15.0.201708311556/tools/compiler/bin/../lib/gcc/arm-none-eabi/6.3.1/../../../../arm-none-eabi/lib/thumb/v7-m\libc_nano.a(lib_a-init.o)
